Archive member included to satisfy reference by file (symbol)

/usr/lib/gcc/arm-none-eabi/10.3.1/../../../arm-none-eabi/lib/thumb/v7e-m+fp/hard/libg.a(lib_a-atexit.o)
                              /usr/lib/gcc/arm-none-eabi/10.3.1/../../../arm-none-eabi/lib/thumb/v7e-m+fp/hard/crt0.o (atexit)
/usr/lib/gcc/arm-none-eabi/10.3.1/../../../arm-none-eabi/lib/thumb/v7e-m+fp/hard/libg.a(lib_a-exit.o)
                              /usr/lib/gcc/arm-none-eabi/10.3.1/../../../arm-none-eabi/lib/thumb/v7e-m+fp/hard/crt0.o (exit)
/usr/lib/gcc/arm-none-eabi/10.3.1/../../../arm-none-eabi/lib/thumb/v7e-m+fp/hard/libg.a(lib_a-fini.o)
                              /usr/lib/gcc/arm-none-eabi/10.3.1/../../../arm-none-eabi/lib/thumb/v7e-m+fp/hard/crt0.o (__libc_fini_array)
/usr/lib/gcc/arm-none-eabi/10.3.1/../../../arm-none-eabi/lib/thumb/v7e-m+fp/hard/libg.a(lib_a-impure.o)
                              /usr/lib/gcc/arm-none-eabi/10.3.1/../../../arm-none-eabi/lib/thumb/v7e-m+fp/hard/libg.a(lib_a-exit.o) (_global_impure_ptr)
/usr/lib/gcc/arm-none-eabi/10.3.1/../../../arm-none-eabi/lib/thumb/v7e-m+fp/hard/libg.a(lib_a-init.o)
                              /usr/lib/gcc/arm-none-eabi/10.3.1/../../../arm-none-eabi/lib/thumb/v7e-m+fp/hard/crt0.o (__libc_init_array)
/usr/lib/gcc/arm-none-eabi/10.3.1/../../../arm-none-eabi/lib/thumb/v7e-m+fp/hard/libg.a(lib_a-memset.o)
                              /usr/lib/gcc/arm-none-eabi/10.3.1/../../../arm-none-eabi/lib/thumb/v7e-m+fp/hard/crt0.o (memset)
/usr/lib/gcc/arm-none-eabi/10.3.1/../../../arm-none-eabi/lib/thumb/v7e-m+fp/hard/libg.a(lib_a-__atexit.o)
                              /usr/lib/gcc/arm-none-eabi/10.3.1/../../../arm-none-eabi/lib/thumb/v7e-m+fp/hard/libg.a(lib_a-atexit.o) (__register_exitproc)
/usr/lib/gcc/arm-none-eabi/10.3.1/../../../arm-none-eabi/lib/thumb/v7e-m+fp/hard/libg.a(lib_a-__call_atexit.o)
                              /usr/lib/gcc/arm-none-eabi/10.3.1/../../../arm-none-eabi/lib/thumb/v7e-m+fp/hard/libg.a(lib_a-exit.o) (__call_exitprocs)

Discarded input sections

 .text          0x0000000000000000        0x0 /usr/lib/gcc/arm-none-eabi/10.3.1/thumb/v7e-m+fp/hard/crti.o
 .data          0x0000000000000000        0x0 /usr/lib/gcc/arm-none-eabi/10.3.1/thumb/v7e-m+fp/hard/crti.o
 .bss           0x0000000000000000        0x0 /usr/lib/gcc/arm-none-eabi/10.3.1/thumb/v7e-m+fp/hard/crti.o
 .data          0x0000000000000000        0x4 /usr/lib/gcc/arm-none-eabi/10.3.1/thumb/v7e-m+fp/hard/crtbegin.o
 .rodata        0x0000000000000000       0x24 /usr/lib/gcc/arm-none-eabi/10.3.1/thumb/v7e-m+fp/hard/crtbegin.o
 .text          0x0000000000000000       0x70 /usr/lib/gcc/arm-none-eabi/10.3.1/../../../arm-none-eabi/lib/thumb/v7e-m+fp/hard/crt0.o
 .data          0x0000000000000000        0x0 /usr/lib/gcc/arm-none-eabi/10.3.1/../../../arm-none-eabi/lib/thumb/v7e-m+fp/hard/crt0.o
 .bss           0x0000000000000000        0x0 /usr/lib/gcc/arm-none-eabi/10.3.1/../../../arm-none-eabi/lib/thumb/v7e-m+fp/hard/crt0.o
 .ARM.extab     0x0000000000000000        0x0 /usr/lib/gcc/arm-none-eabi/10.3.1/../../../arm-none-eabi/lib/thumb/v7e-m+fp/hard/crt0.o
 .ARM.exidx     0x0000000000000000       0x10 /usr/lib/gcc/arm-none-eabi/10.3.1/../../../arm-none-eabi/lib/thumb/v7e-m+fp/hard/crt0.o
 .debug_line    0x0000000000000000       0x87 /usr/lib/gcc/arm-none-eabi/10.3.1/../../../arm-none-eabi/lib/thumb/v7e-m+fp/hard/crt0.o
 .debug_info    0x0000000000000000       0x26 /usr/lib/gcc/arm-none-eabi/10.3.1/../../../arm-none-eabi/lib/thumb/v7e-m+fp/hard/crt0.o
 .debug_abbrev  0x0000000000000000       0x14 /usr/lib/gcc/arm-none-eabi/10.3.1/../../../arm-none-eabi/lib/thumb/v7e-m+fp/hard/crt0.o
 .debug_aranges
                0x0000000000000000       0x20 /usr/lib/gcc/arm-none-eabi/10.3.1/../../../arm-none-eabi/lib/thumb/v7e-m+fp/hard/crt0.o
 .debug_str     0x0000000000000000       0x98 /usr/lib/gcc/arm-none-eabi/10.3.1/../../../arm-none-eabi/lib/thumb/v7e-m+fp/hard/crt0.o
 .ARM.attributes
                0x0000000000000000       0x1c /usr/lib/gcc/arm-none-eabi/10.3.1/../../../arm-none-eabi/lib/thumb/v7e-m+fp/hard/crt0.o
 .group         0x0000000000000000        0xc /tmp/cciRI8RW.o
 .group         0x0000000000000000        0xc /tmp/cciRI8RW.o
 .group         0x0000000000000000        0xc /tmp/cciRI8RW.o
 .group         0x0000000000000000        0xc /tmp/cciRI8RW.o
 .group         0x0000000000000000        0xc /tmp/cciRI8RW.o
 .group         0x0000000000000000        0xc /tmp/cciRI8RW.o
 .group         0x0000000000000000        0xc /tmp/cciRI8RW.o
 .group         0x0000000000000000        0xc /tmp/cciRI8RW.o
 .group         0x0000000000000000        0xc /tmp/cciRI8RW.o
 .text          0x0000000000000000        0x0 /tmp/cciRI8RW.o
 .data          0x0000000000000000        0x0 /tmp/cciRI8RW.o
 .bss           0x0000000000000000        0x0 /tmp/cciRI8RW.o
 .group         0x0000000000000000        0xc /tmp/ccUC9Shv.o
 .group         0x0000000000000000        0xc /tmp/ccUC9Shv.o
 .group         0x0000000000000000        0xc /tmp/ccUC9Shv.o
 .group         0x0000000000000000        0xc /tmp/ccUC9Shv.o
 .group         0x0000000000000000        0xc /tmp/ccUC9Shv.o
 .group         0x0000000000000000        0xc /tmp/ccUC9Shv.o
 .group         0x0000000000000000        0xc /tmp/ccUC9Shv.o
 .text          0x0000000000000000        0x0 /tmp/ccUC9Shv.o
 .data          0x0000000000000000        0x0 /tmp/ccUC9Shv.o
 .bss           0x0000000000000000        0x0 /tmp/ccUC9Shv.o
 .rodata.APBPrescTable
                0x0000000000000000        0x8 /tmp/ccUC9Shv.o
 .debug_macro   0x0000000000000000      0xa72 /tmp/ccUC9Shv.o
 .debug_macro   0x0000000000000000       0x64 /tmp/ccUC9Shv.o
 .debug_macro   0x0000000000000000      0x34e /tmp/ccUC9Shv.o
 .debug_macro   0x0000000000000000       0x35 /tmp/ccUC9Shv.o
 .debug_macro   0x0000000000000000       0x50 /tmp/ccUC9Shv.o
 .debug_macro   0x0000000000000000      0xe66 /tmp/ccUC9Shv.o
 .debug_macro   0x0000000000000000     0x799d /tmp/ccUC9Shv.o
 .group         0x0000000000000000        0xc /tmp/cc0jfaMl.o
 .group         0x0000000000000000        0xc /tmp/cc0jfaMl.o
 .group         0x0000000000000000        0xc /tmp/cc0jfaMl.o
 .group         0x0000000000000000        0xc /tmp/cc0jfaMl.o
 .group         0x0000000000000000        0xc /tmp/cc0jfaMl.o
 .group         0x0000000000000000        0xc /tmp/cc0jfaMl.o
 .group         0x0000000000000000        0xc /tmp/cc0jfaMl.o
 .group         0x0000000000000000        0xc /tmp/cc0jfaMl.o
 .text          0x0000000000000000        0x0 /tmp/cc0jfaMl.o
 .data          0x0000000000000000        0x0 /tmp/cc0jfaMl.o
 .bss           0x0000000000000000        0x0 /tmp/cc0jfaMl.o
 .text.NVIC_EnableIRQ
                0x0000000000000000       0x34 /tmp/cc0jfaMl.o
 .text.timerInit
                0x0000000000000000       0x38 /tmp/cc0jfaMl.o
 .text.delay_us
                0x0000000000000000       0x14 /tmp/cc0jfaMl.o
 .debug_macro   0x0000000000000000      0xa72 /tmp/cc0jfaMl.o
 .debug_macro   0x0000000000000000       0x64 /tmp/cc0jfaMl.o
 .debug_macro   0x0000000000000000      0x34e /tmp/cc0jfaMl.o
 .debug_macro   0x0000000000000000       0x35 /tmp/cc0jfaMl.o
 .debug_macro   0x0000000000000000       0x50 /tmp/cc0jfaMl.o
 .debug_macro   0x0000000000000000      0xe66 /tmp/cc0jfaMl.o
 .debug_macro   0x0000000000000000     0x799d /tmp/cc0jfaMl.o
 .debug_macro   0x0000000000000000       0x16 /tmp/cc0jfaMl.o
 .group         0x0000000000000000        0xc /tmp/cc32UxdV.o
 .group         0x0000000000000000        0xc /tmp/cc32UxdV.o
 .group         0x0000000000000000        0xc /tmp/cc32UxdV.o
 .group         0x0000000000000000        0xc /tmp/cc32UxdV.o
 .group         0x0000000000000000        0xc /tmp/cc32UxdV.o
 .group         0x0000000000000000        0xc /tmp/cc32UxdV.o
 .group         0x0000000000000000        0xc /tmp/cc32UxdV.o
 .text          0x0000000000000000        0x0 /tmp/cc32UxdV.o
 .data          0x0000000000000000        0x0 /tmp/cc32UxdV.o
 .bss           0x0000000000000000        0x0 /tmp/cc32UxdV.o
 .text.RCC_DeInit
                0x0000000000000000       0x18 /tmp/cc32UxdV.o
 .debug_macro   0x0000000000000000      0xa72 /tmp/cc32UxdV.o
 .debug_macro   0x0000000000000000       0x64 /tmp/cc32UxdV.o
 .debug_macro   0x0000000000000000      0x34e /tmp/cc32UxdV.o
 .debug_macro   0x0000000000000000       0x35 /tmp/cc32UxdV.o
 .debug_macro   0x0000000000000000       0x50 /tmp/cc32UxdV.o
 .debug_macro   0x0000000000000000      0xe66 /tmp/cc32UxdV.o
 .debug_macro   0x0000000000000000     0x799d /tmp/cc32UxdV.o
 .group         0x0000000000000000        0xc /tmp/ccC18QHb.o
 .group         0x0000000000000000        0xc /tmp/ccC18QHb.o
 .group         0x0000000000000000        0xc /tmp/ccC18QHb.o
 .group         0x0000000000000000        0xc /tmp/ccC18QHb.o
 .group         0x0000000000000000        0xc /tmp/ccC18QHb.o
 .group         0x0000000000000000        0xc /tmp/ccC18QHb.o
 .group         0x0000000000000000        0xc /tmp/ccC18QHb.o
 .text          0x0000000000000000        0x0 /tmp/ccC18QHb.o
 .data          0x0000000000000000        0x0 /tmp/ccC18QHb.o
 .bss           0x0000000000000000        0x0 /tmp/ccC18QHb.o
 .debug_macro   0x0000000000000000      0xa72 /tmp/ccC18QHb.o
 .debug_macro   0x0000000000000000       0x64 /tmp/ccC18QHb.o
 .debug_macro   0x0000000000000000      0x34e /tmp/ccC18QHb.o
 .debug_macro   0x0000000000000000       0x35 /tmp/ccC18QHb.o
 .debug_macro   0x0000000000000000       0x50 /tmp/ccC18QHb.o
 .debug_macro   0x0000000000000000      0xe66 /tmp/ccC18QHb.o
 .debug_macro   0x0000000000000000     0x799d /tmp/ccC18QHb.o
 .text          0x0000000000000000       0x14 /tmp/ccV9YhQi.o
 .data          0x0000000000000000        0x0 /tmp/ccV9YhQi.o
 .bss           0x0000000000000000        0x0 /tmp/ccV9YhQi.o
 .data          0x0000000000000000        0x0 /usr/lib/gcc/arm-none-eabi/10.3.1/../../../arm-none-eabi/lib/thumb/v7e-m+fp/hard/libg.a(lib_a-atexit.o)
 .bss           0x0000000000000000        0x0 /usr/lib/gcc/arm-none-eabi/10.3.1/../../../arm-none-eabi/lib/thumb/v7e-m+fp/hard/libg.a(lib_a-atexit.o)
 .text          0x0000000000000000       0x20 /usr/lib/gcc/arm-none-eabi/10.3.1/../../../arm-none-eabi/lib/thumb/v7e-m+fp/hard/libg.a(lib_a-exit.o)
 .data          0x0000000000000000        0x0 /usr/lib/gcc/arm-none-eabi/10.3.1/../../../arm-none-eabi/lib/thumb/v7e-m+fp/hard/libg.a(lib_a-exit.o)
 .bss           0x0000000000000000        0x0 /usr/lib/gcc/arm-none-eabi/10.3.1/../../../arm-none-eabi/lib/thumb/v7e-m+fp/hard/libg.a(lib_a-exit.o)
 .debug_info    0x0000000000000000      0x969 /usr/lib/gcc/arm-none-eabi/10.3.1/../../../arm-none-eabi/lib/thumb/v7e-m+fp/hard/libg.a(lib_a-exit.o)
 .debug_abbrev  0x0000000000000000      0x20c /usr/lib/gcc/arm-none-eabi/10.3.1/../../../arm-none-eabi/lib/thumb/v7e-m+fp/hard/libg.a(lib_a-exit.o)
 .debug_loc     0x0000000000000000       0x22 /usr/lib/gcc/arm-none-eabi/10.3.1/../../../arm-none-eabi/lib/thumb/v7e-m+fp/hard/libg.a(lib_a-exit.o)
 .debug_aranges
                0x0000000000000000       0x20 /usr/lib/gcc/arm-none-eabi/10.3.1/../../../arm-none-eabi/lib/thumb/v7e-m+fp/hard/libg.a(lib_a-exit.o)
 .debug_line    0x0000000000000000      0x179 /usr/lib/gcc/arm-none-eabi/10.3.1/../../../arm-none-eabi/lib/thumb/v7e-m+fp/hard/libg.a(lib_a-exit.o)
 .debug_str     0x0000000000000000      0x58b /usr/lib/gcc/arm-none-eabi/10.3.1/../../../arm-none-eabi/lib/thumb/v7e-m+fp/hard/libg.a(lib_a-exit.o)
 .comment       0x0000000000000000       0x34 /usr/lib/gcc/arm-none-eabi/10.3.1/../../../arm-none-eabi/lib/thumb/v7e-m+fp/hard/libg.a(lib_a-exit.o)
 .debug_frame   0x0000000000000000       0x28 /usr/lib/gcc/arm-none-eabi/10.3.1/../../../arm-none-eabi/lib/thumb/v7e-m+fp/hard/libg.a(lib_a-exit.o)
 .ARM.attributes
                0x0000000000000000       0x34 /usr/lib/gcc/arm-none-eabi/10.3.1/../../../arm-none-eabi/lib/thumb/v7e-m+fp/hard/libg.a(lib_a-exit.o)
 .data          0x0000000000000000        0x0 /usr/lib/gcc/arm-none-eabi/10.3.1/../../../arm-none-eabi/lib/thumb/v7e-m+fp/hard/libg.a(lib_a-fini.o)
 .bss           0x0000000000000000        0x0 /usr/lib/gcc/arm-none-eabi/10.3.1/../../../arm-none-eabi/lib/thumb/v7e-m+fp/hard/libg.a(lib_a-fini.o)
 .text          0x0000000000000000        0x0 /usr/lib/gcc/arm-none-eabi/10.3.1/../../../arm-none-eabi/lib/thumb/v7e-m+fp/hard/libg.a(lib_a-impure.o)
 .bss           0x0000000000000000        0x0 /usr/lib/gcc/arm-none-eabi/10.3.1/../../../arm-none-eabi/lib/thumb/v7e-m+fp/hard/libg.a(lib_a-impure.o)
 .data          0x0000000000000000        0x0 /usr/lib/gcc/arm-none-eabi/10.3.1/../../../arm-none-eabi/lib/thumb/v7e-m+fp/hard/libg.a(lib_a-init.o)
 .bss           0x0000000000000000        0x0 /usr/lib/gcc/arm-none-eabi/10.3.1/../../../arm-none-eabi/lib/thumb/v7e-m+fp/hard/libg.a(lib_a-init.o)
 .text          0x0000000000000000       0xa4 /usr/lib/gcc/arm-none-eabi/10.3.1/../../../arm-none-eabi/lib/thumb/v7e-m+fp/hard/libg.a(lib_a-memset.o)
 .data          0x0000000000000000        0x0 /usr/lib/gcc/arm-none-eabi/10.3.1/../../../arm-none-eabi/lib/thumb/v7e-m+fp/hard/libg.a(lib_a-memset.o)
 .bss           0x0000000000000000        0x0 /usr/lib/gcc/arm-none-eabi/10.3.1/../../../arm-none-eabi/lib/thumb/v7e-m+fp/hard/libg.a(lib_a-memset.o)
 .debug_info    0x0000000000000000      0x137 /usr/lib/gcc/arm-none-eabi/10.3.1/../../../arm-none-eabi/lib/thumb/v7e-m+fp/hard/libg.a(lib_a-memset.o)
 .debug_abbrev  0x0000000000000000       0xb4 /usr/lib/gcc/arm-none-eabi/10.3.1/../../../arm-none-eabi/lib/thumb/v7e-m+fp/hard/libg.a(lib_a-memset.o)
 .debug_loc     0x0000000000000000      0x22c /usr/lib/gcc/arm-none-eabi/10.3.1/../../../arm-none-eabi/lib/thumb/v7e-m+fp/hard/libg.a(lib_a-memset.o)
 .debug_aranges
                0x0000000000000000       0x20 /usr/lib/gcc/arm-none-eabi/10.3.1/../../../arm-none-eabi/lib/thumb/v7e-m+fp/hard/libg.a(lib_a-memset.o)
 .debug_line    0x0000000000000000      0x1bf /usr/lib/gcc/arm-none-eabi/10.3.1/../../../arm-none-eabi/lib/thumb/v7e-m+fp/hard/libg.a(lib_a-memset.o)
 .debug_str     0x0000000000000000      0x1bb /usr/lib/gcc/arm-none-eabi/10.3.1/../../../arm-none-eabi/lib/thumb/v7e-m+fp/hard/libg.a(lib_a-memset.o)
 .comment       0x0000000000000000       0x34 /usr/lib/gcc/arm-none-eabi/10.3.1/../../../arm-none-eabi/lib/thumb/v7e-m+fp/hard/libg.a(lib_a-memset.o)
 .debug_frame   0x0000000000000000       0x2c /usr/lib/gcc/arm-none-eabi/10.3.1/../../../arm-none-eabi/lib/thumb/v7e-m+fp/hard/libg.a(lib_a-memset.o)
 .ARM.attributes
                0x0000000000000000       0x34 /usr/lib/gcc/arm-none-eabi/10.3.1/../../../arm-none-eabi/lib/thumb/v7e-m+fp/hard/libg.a(lib_a-memset.o)
 .data          0x0000000000000000        0x0 /usr/lib/gcc/arm-none-eabi/10.3.1/../../../arm-none-eabi/lib/thumb/v7e-m+fp/hard/libg.a(lib_a-__atexit.o)
 .bss           0x0000000000000000        0x0 /usr/lib/gcc/arm-none-eabi/10.3.1/../../../arm-none-eabi/lib/thumb/v7e-m+fp/hard/libg.a(lib_a-__atexit.o)
 .text          0x0000000000000000       0xb8 /usr/lib/gcc/arm-none-eabi/10.3.1/../../../arm-none-eabi/lib/thumb/v7e-m+fp/hard/libg.a(lib_a-__call_atexit.o)
 .data          0x0000000000000000        0x0 /usr/lib/gcc/arm-none-eabi/10.3.1/../../../arm-none-eabi/lib/thumb/v7e-m+fp/hard/libg.a(lib_a-__call_atexit.o)
 .bss           0x0000000000000000        0x0 /usr/lib/gcc/arm-none-eabi/10.3.1/../../../arm-none-eabi/lib/thumb/v7e-m+fp/hard/libg.a(lib_a-__call_atexit.o)
 .text          0x0000000000000000        0x0 /usr/lib/gcc/arm-none-eabi/10.3.1/thumb/v7e-m+fp/hard/crtend.o
 .data          0x0000000000000000        0x0 /usr/lib/gcc/arm-none-eabi/10.3.1/thumb/v7e-m+fp/hard/crtend.o
 .bss           0x0000000000000000        0x0 /usr/lib/gcc/arm-none-eabi/10.3.1/thumb/v7e-m+fp/hard/crtend.o
 .rodata        0x0000000000000000       0x24 /usr/lib/gcc/arm-none-eabi/10.3.1/thumb/v7e-m+fp/hard/crtend.o
 .eh_frame      0x0000000000000000        0x4 /usr/lib/gcc/arm-none-eabi/10.3.1/thumb/v7e-m+fp/hard/crtend.o
 .text          0x0000000000000000        0x0 /usr/lib/gcc/arm-none-eabi/10.3.1/thumb/v7e-m+fp/hard/crtn.o
 .data          0x0000000000000000        0x0 /usr/lib/gcc/arm-none-eabi/10.3.1/thumb/v7e-m+fp/hard/crtn.o
 .bss           0x0000000000000000        0x0 /usr/lib/gcc/arm-none-eabi/10.3.1/thumb/v7e-m+fp/hard/crtn.o

Memory Configuration

Name             Origin             Length             Attributes
RAM              0x0000000020000000 0x0000000000010000 xrw
FLASH            0x0000000008000000 0x0000000000040000 xr
*default*        0x0000000000000000 0xffffffffffffffff

Linker script and memory map

LOAD /usr/lib/gcc/arm-none-eabi/10.3.1/thumb/v7e-m+fp/hard/crti.o
LOAD /usr/lib/gcc/arm-none-eabi/10.3.1/thumb/v7e-m+fp/hard/crtbegin.o
LOAD /usr/lib/gcc/arm-none-eabi/10.3.1/../../../arm-none-eabi/lib/thumb/v7e-m+fp/hard/crt0.o
LOAD /tmp/cciRI8RW.o
LOAD /tmp/ccUC9Shv.o
LOAD /tmp/cc0jfaMl.o
LOAD /tmp/cc32UxdV.o
LOAD /tmp/ccC18QHb.o
LOAD /tmp/ccV9YhQi.o
START GROUP
LOAD /usr/lib/gcc/arm-none-eabi/10.3.1/thumb/v7e-m+fp/hard/libgcc.a
LOAD /usr/lib/gcc/arm-none-eabi/10.3.1/../../../arm-none-eabi/lib/thumb/v7e-m+fp/hard/libg.a
LOAD /usr/lib/gcc/arm-none-eabi/10.3.1/../../../arm-none-eabi/lib/thumb/v7e-m+fp/hard/libc.a
END GROUP
LOAD /usr/lib/gcc/arm-none-eabi/10.3.1/thumb/v7e-m+fp/hard/crtend.o
LOAD /usr/lib/gcc/arm-none-eabi/10.3.1/thumb/v7e-m+fp/hard/crtn.o
                0x0000000020010000                _estack = (ORIGIN (RAM) + LENGTH (RAM))
                0x0000000000000000                _Min_Heap_Size = 0x0
                0x0000000000004000                _Min_Stack_Size = 0x4000

.isr_vector     0x0000000008000000      0x194
                0x0000000008000000                . = ALIGN (0x4)
 *(.isr_vector)
 .isr_vector    0x0000000008000000      0x194 /tmp/ccV9YhQi.o
                0x0000000008000000                g_pfnVectors
                0x0000000008000194                . = ALIGN (0x4)

.text           0x0000000008000194      0x670
                0x0000000008000194                . = ALIGN (0x4)
 *(.text)
 .text          0x0000000008000194       0x88 /usr/lib/gcc/arm-none-eabi/10.3.1/thumb/v7e-m+fp/hard/crtbegin.o
 .text          0x000000000800021c        0xc /usr/lib/gcc/arm-none-eabi/10.3.1/../../../arm-none-eabi/lib/thumb/v7e-m+fp/hard/libg.a(lib_a-atexit.o)
                0x000000000800021c                atexit
 .text          0x0000000008000228       0x2c /usr/lib/gcc/arm-none-eabi/10.3.1/../../../arm-none-eabi/lib/thumb/v7e-m+fp/hard/libg.a(lib_a-fini.o)
                0x0000000008000228                __libc_fini_array
 .text          0x0000000008000254       0x48 /usr/lib/gcc/arm-none-eabi/10.3.1/../../../arm-none-eabi/lib/thumb/v7e-m+fp/hard/libg.a(lib_a-init.o)
                0x0000000008000254                __libc_init_array
 .text          0x000000000800029c       0x68 /usr/lib/gcc/arm-none-eabi/10.3.1/../../../arm-none-eabi/lib/thumb/v7e-m+fp/hard/libg.a(lib_a-__atexit.o)
                0x000000000800029c                __register_exitproc
 *(.text*)
 .text.main     0x0000000008000304       0x4c /tmp/cciRI8RW.o
                0x0000000008000304                main
 .text.SystemInit
                0x0000000008000350       0x6c /tmp/ccUC9Shv.o
                0x0000000008000350                SystemInit
 .text.SystemCoreClockUpdate
                0x00000000080003bc      0x100 /tmp/ccUC9Shv.o
                0x00000000080003bc                SystemCoreClockUpdate
 .text.NVIC_SetPriority
                0x00000000080004bc       0x54 /tmp/cc0jfaMl.o
 .text.SysTick_Config
                0x0000000008000510       0x44 /tmp/cc0jfaMl.o
 .text.SysTick_Init
                0x0000000008000554       0x18 /tmp/cc0jfaMl.o
                0x0000000008000554                SysTick_Init
 .text.SysTick_Handler
                0x000000000800056c       0x24 /tmp/cc0jfaMl.o
                0x000000000800056c                SysTick_Handler
 .text.delay_ms
                0x0000000008000590       0x2c /tmp/cc0jfaMl.o
                0x0000000008000590                delay_ms
 .text.TIM3_IRQHandler
                0x00000000080005bc        0xe /tmp/cc0jfaMl.o
                0x00000000080005bc                TIM3_IRQHandler
 *fill*         0x00000000080005ca        0x2 
 .text.RCC_Init
                0x00000000080005cc      0x13c /tmp/cc32UxdV.o
                0x00000000080005cc                RCC_Init
 .text.enablePeriphClock
                0x0000000008000708       0x38 /tmp/cc32UxdV.o
                0x0000000008000708                enablePeriphClock
 .text.GPIO_Init
                0x0000000008000740       0x44 /tmp/ccC18QHb.o
                0x0000000008000740                GPIO_Init
 .text.Reset_Handler
                0x0000000008000784       0x50 /tmp/ccV9YhQi.o
                0x0000000008000784                Reset_Handler
 .text.Default_Handler
                0x00000000080007d4        0x2 /tmp/ccV9YhQi.o
                0x00000000080007d4                RTC_Alarm_IRQHandler
                0x00000000080007d4                EXTI2_IRQHandler
                0x00000000080007d4                DebugMon_Handler
                0x00000000080007d4                SPI4_IRQHandler
                0x00000000080007d4                TIM1_CC_IRQHandler
                0x00000000080007d4                DMA2_Stream5_IRQHandler
                0x00000000080007d4                HardFault_Handler
                0x00000000080007d4                DMA1_Stream5_IRQHandler
                0x00000000080007d4                PVD_IRQHandler
                0x00000000080007d4                SDIO_IRQHandler
                0x00000000080007d4                TAMP_STAMP_IRQHandler
                0x00000000080007d4                PendSV_Handler
                0x00000000080007d4                NMI_Handler
                0x00000000080007d4                EXTI3_IRQHandler
                0x00000000080007d4                TIM1_UP_TIM10_IRQHandler
                0x00000000080007d4                I2C3_ER_IRQHandler
                0x00000000080007d4                EXTI0_IRQHandler
                0x00000000080007d4                I2C2_EV_IRQHandler
                0x00000000080007d4                DMA1_Stream2_IRQHandler
                0x00000000080007d4                FPU_IRQHandler
                0x00000000080007d4                UsageFault_Handler
                0x00000000080007d4                DMA2_Stream2_IRQHandler
                0x00000000080007d4                SPI1_IRQHandler
                0x00000000080007d4                TIM1_BRK_TIM9_IRQHandler
                0x00000000080007d4                DMA2_Stream3_IRQHandler
                0x00000000080007d4                USART6_IRQHandler
                0x00000000080007d4                DMA2_Stream0_IRQHandler
                0x00000000080007d4                TIM4_IRQHandler
                0x00000000080007d4                I2C1_EV_IRQHandler
                0x00000000080007d4                DMA1_Stream6_IRQHandler
                0x00000000080007d4                DMA1_Stream1_IRQHandler
                0x00000000080007d4                RCC_IRQHandler
                0x00000000080007d4                Default_Handler
                0x00000000080007d4                EXTI15_10_IRQHandler
                0x00000000080007d4                ADC_IRQHandler
                0x00000000080007d4                DMA1_Stream7_IRQHandler
                0x00000000080007d4                TIM5_IRQHandler
                0x00000000080007d4                DMA2_Stream7_IRQHandler
                0x00000000080007d4                I2C3_EV_IRQHandler
                0x00000000080007d4                EXTI9_5_IRQHandler
                0x00000000080007d4                RTC_WKUP_IRQHandler
                0x00000000080007d4                SPI2_IRQHandler
                0x00000000080007d4                MemManage_Handler
                0x00000000080007d4                DMA1_Stream0_IRQHandler
                0x00000000080007d4                SVC_Handler
                0x00000000080007d4                EXTI4_IRQHandler
                0x00000000080007d4                WWDG_IRQHandler
                0x00000000080007d4                TIM2_IRQHandler
                0x00000000080007d4                OTG_FS_WKUP_IRQHandler
                0x00000000080007d4                TIM1_TRG_COM_TIM11_IRQHandler
                0x00000000080007d4                EXTI1_IRQHandler
                0x00000000080007d4                USART2_IRQHandler
                0x00000000080007d4                I2C2_ER_IRQHandler
                0x00000000080007d4                DMA2_Stream1_IRQHandler
                0x00000000080007d4                FLASH_IRQHandler
                0x00000000080007d4                DMA2_Stream4_IRQHandler
                0x00000000080007d4                BusFault_Handler
                0x00000000080007d4                USART1_IRQHandler
                0x00000000080007d4                OTG_FS_IRQHandler
                0x00000000080007d4                SPI3_IRQHandler
                0x00000000080007d4                DMA1_Stream4_IRQHandler
                0x00000000080007d4                I2C1_ER_IRQHandler
                0x00000000080007d4                DMA2_Stream6_IRQHandler
                0x00000000080007d4                DMA1_Stream3_IRQHandler
 *fill*         0x00000000080007d6        0x2 
 .text.startup  0x00000000080007d8       0x14 /usr/lib/gcc/arm-none-eabi/10.3.1/../../../arm-none-eabi/lib/thumb/v7e-m+fp/hard/libg.a(lib_a-__call_atexit.o)
 *(.glue_7)
 .glue_7        0x00000000080007ec        0x0 linker stubs
 *(.glue_7t)
 .glue_7t       0x00000000080007ec        0x0 linker stubs
 *(.eh_frame)
 .eh_frame      0x00000000080007ec        0x0 /usr/lib/gcc/arm-none-eabi/10.3.1/thumb/v7e-m+fp/hard/crtbegin.o
 *(.init)
 .init          0x00000000080007ec        0x4 /usr/lib/gcc/arm-none-eabi/10.3.1/thumb/v7e-m+fp/hard/crti.o
                0x00000000080007ec                _init
 .init          0x00000000080007f0        0x8 /usr/lib/gcc/arm-none-eabi/10.3.1/thumb/v7e-m+fp/hard/crtn.o
 *(.fini)
 .fini          0x00000000080007f8        0x4 /usr/lib/gcc/arm-none-eabi/10.3.1/thumb/v7e-m+fp/hard/crti.o
                0x00000000080007f8                _fini
 .fini          0x00000000080007fc        0x8 /usr/lib/gcc/arm-none-eabi/10.3.1/thumb/v7e-m+fp/hard/crtn.o
                0x0000000008000804                . = ALIGN (0x4)
                0x0000000008000804                _etext = .

.vfp11_veneer   0x0000000008000804        0x0
 .vfp11_veneer  0x0000000008000804        0x0 linker stubs

.v4_bx          0x0000000008000804        0x0
 .v4_bx         0x0000000008000804        0x0 linker stubs

.iplt           0x0000000008000804        0x0
 .iplt          0x0000000008000804        0x0 /usr/lib/gcc/arm-none-eabi/10.3.1/thumb/v7e-m+fp/hard/crtbegin.o

.rodata         0x0000000008000804       0x14
                0x0000000008000804                . = ALIGN (0x4)
 *(.rodata)
 .rodata        0x0000000008000804        0x4 /usr/lib/gcc/arm-none-eabi/10.3.1/../../../arm-none-eabi/lib/thumb/v7e-m+fp/hard/libg.a(lib_a-impure.o)
                0x0000000008000804                _global_impure_ptr
 *(.rodata*)
 .rodata.AHBPrescTable
                0x0000000008000808       0x10 /tmp/ccUC9Shv.o
                0x0000000008000808                AHBPrescTable
                0x0000000008000818                . = ALIGN (0x4)

.rel.dyn        0x0000000008000818        0x0
 .rel.iplt      0x0000000008000818        0x0 /usr/lib/gcc/arm-none-eabi/10.3.1/thumb/v7e-m+fp/hard/crtbegin.o

.ARM.extab
 *(.ARM.extab* .gnu.linkonce.armextab.*)

.ARM            0x0000000008000818        0x0
                0x0000000008000818                __exidx_start = .
 *(.ARM.exidx*)
                0x0000000008000818                __exidx_end = .

.preinit_array  0x0000000008000818        0x0
                0x0000000008000818                PROVIDE (__preinit_array_start = .)
 *(.preinit_array*)
                0x0000000008000818                PROVIDE (__preinit_array_end = .)

.init_array     0x0000000008000818        0x8
                0x0000000008000818                PROVIDE (__init_array_start = .)
 *(SORT_BY_NAME(.init_array.*))
 .init_array.00000
                0x0000000008000818        0x4 /usr/lib/gcc/arm-none-eabi/10.3.1/../../../arm-none-eabi/lib/thumb/v7e-m+fp/hard/libg.a(lib_a-__call_atexit.o)
 *(.init_array*)
 .init_array    0x000000000800081c        0x4 /usr/lib/gcc/arm-none-eabi/10.3.1/thumb/v7e-m+fp/hard/crtbegin.o
                0x0000000008000820                PROVIDE (__init_array_end = .)

.fini_array     0x0000000008000820        0x4
                0x0000000008000820                PROVIDE (__fini_array_start = .)
 *(SORT_BY_NAME(.fini_array.*))
 *(.fini_array*)
 .fini_array    0x0000000008000820        0x4 /usr/lib/gcc/arm-none-eabi/10.3.1/thumb/v7e-m+fp/hard/crtbegin.o
                0x0000000008000824                PROVIDE (__fini_array_end = .)
                0x0000000008000824                _sidata = LOADADDR (.data)

.data           0x0000000020000000      0x434 load address 0x0000000008000824
                0x0000000020000000                . = ALIGN (0x4)
                0x0000000020000000                _sdata = .
 *(.data)
 .data          0x0000000020000000      0x430 /usr/lib/gcc/arm-none-eabi/10.3.1/../../../arm-none-eabi/lib/thumb/v7e-m+fp/hard/libg.a(lib_a-impure.o)
                0x0000000020000000                _impure_ptr
 *(.data*)
 .data.SystemCoreClock
                0x0000000020000430        0x4 /tmp/ccUC9Shv.o
                0x0000000020000430                SystemCoreClock
                0x0000000020000434                . = ALIGN (0x4)
                0x0000000020000434                _edata = .

.tm_clone_table
                0x0000000020000434        0x0 load address 0x0000000008000c58
 .tm_clone_table
                0x0000000020000434        0x0 /usr/lib/gcc/arm-none-eabi/10.3.1/thumb/v7e-m+fp/hard/crtbegin.o
 .tm_clone_table
                0x0000000020000434        0x0 /usr/lib/gcc/arm-none-eabi/10.3.1/thumb/v7e-m+fp/hard/crtend.o

.igot.plt       0x0000000020000434        0x0 load address 0x0000000008000c58
 .igot.plt      0x0000000020000434        0x0 /usr/lib/gcc/arm-none-eabi/10.3.1/thumb/v7e-m+fp/hard/crtbegin.o
                0x0000000020000434                . = ALIGN (0x4)

.bss            0x0000000020000434       0x20 load address 0x0000000008000c58
                0x0000000020000434                _sbss = .
                0x0000000020000434                __bss_start__ = _sbss
 *(.bss)
 .bss           0x0000000020000434       0x1c /usr/lib/gcc/arm-none-eabi/10.3.1/thumb/v7e-m+fp/hard/crtbegin.o
 *(.bss*)
 .bss.SysTick_CNT
                0x0000000020000450        0x4 /tmp/cc0jfaMl.o
                0x0000000020000450                SysTick_CNT
 *(COMMON)
                0x0000000020000454                . = ALIGN (0x4)
                0x0000000020000454                _ebss = .
                0x0000000020000454                __bss_end__ = _ebss

._user_heap_stack
                0x0000000020000454     0x4004 load address 0x0000000008000c58
                0x0000000020000458                . = ALIGN (0x8)
 *fill*         0x0000000020000454        0x4 
                [!provide]                        PROVIDE (end = .)
                [!provide]                        PROVIDE (_end = .)
                0x0000000020000458                . = (. + _Min_Heap_Size)
                0x0000000020004458                . = (. + _Min_Stack_Size)
 *fill*         0x0000000020000458     0x4000 
                0x0000000020004458                . = ALIGN (0x8)

/DISCARD/
 libc.a(*)
 libm.a(*)
 libgcc.a(*)

.ARM.attributes
                0x0000000000000000       0x30
 *(.ARM.attributes)
 .ARM.attributes
                0x0000000000000000       0x1e /usr/lib/gcc/arm-none-eabi/10.3.1/thumb/v7e-m+fp/hard/crti.o
 .ARM.attributes
                0x000000000000001e       0x34 /usr/lib/gcc/arm-none-eabi/10.3.1/thumb/v7e-m+fp/hard/crtbegin.o
 .ARM.attributes
                0x0000000000000052       0x34 /tmp/cciRI8RW.o
 .ARM.attributes
                0x0000000000000086       0x34 /tmp/ccUC9Shv.o
 .ARM.attributes
                0x00000000000000ba       0x34 /tmp/cc0jfaMl.o
 .ARM.attributes
                0x00000000000000ee       0x34 /tmp/cc32UxdV.o
 .ARM.attributes
                0x0000000000000122       0x34 /tmp/ccC18QHb.o
 .ARM.attributes
                0x0000000000000156       0x21 /tmp/ccV9YhQi.o
 .ARM.attributes
                0x0000000000000177       0x34 /usr/lib/gcc/arm-none-eabi/10.3.1/../../../arm-none-eabi/lib/thumb/v7e-m+fp/hard/libg.a(lib_a-atexit.o)
 .ARM.attributes
                0x00000000000001ab       0x34 /usr/lib/gcc/arm-none-eabi/10.3.1/../../../arm-none-eabi/lib/thumb/v7e-m+fp/hard/libg.a(lib_a-fini.o)
 .ARM.attributes
                0x00000000000001df       0x32 /usr/lib/gcc/arm-none-eabi/10.3.1/../../../arm-none-eabi/lib/thumb/v7e-m+fp/hard/libg.a(lib_a-impure.o)
 .ARM.attributes
                0x0000000000000211       0x34 /usr/lib/gcc/arm-none-eabi/10.3.1/../../../arm-none-eabi/lib/thumb/v7e-m+fp/hard/libg.a(lib_a-init.o)
 .ARM.attributes
                0x0000000000000245       0x34 /usr/lib/gcc/arm-none-eabi/10.3.1/../../../arm-none-eabi/lib/thumb/v7e-m+fp/hard/libg.a(lib_a-__atexit.o)
 .ARM.attributes
                0x0000000000000279       0x34 /usr/lib/gcc/arm-none-eabi/10.3.1/../../../arm-none-eabi/lib/thumb/v7e-m+fp/hard/libg.a(lib_a-__call_atexit.o)
 .ARM.attributes
                0x00000000000002ad       0x32 /usr/lib/gcc/arm-none-eabi/10.3.1/thumb/v7e-m+fp/hard/crtend.o
 .ARM.attributes
                0x00000000000002df       0x1e /usr/lib/gcc/arm-none-eabi/10.3.1/thumb/v7e-m+fp/hard/crtn.o
OUTPUT(build/main.elf elf32-littlearm)
LOAD linker stubs
LOAD /usr/lib/gcc/arm-none-eabi/10.3.1/../../../arm-none-eabi/lib/thumb/v7e-m+fp/hard/libc.a
LOAD /usr/lib/gcc/arm-none-eabi/10.3.1/../../../arm-none-eabi/lib/thumb/v7e-m+fp/hard/libm.a
LOAD /usr/lib/gcc/arm-none-eabi/10.3.1/thumb/v7e-m+fp/hard/libgcc.a

.comment        0x0000000000000000       0x33
 .comment       0x0000000000000000       0x33 /usr/lib/gcc/arm-none-eabi/10.3.1/thumb/v7e-m+fp/hard/crtbegin.o
                                         0x34 (size before relaxing)
 .comment       0x0000000000000033       0x34 /tmp/cciRI8RW.o
 .comment       0x0000000000000033       0x34 /tmp/ccUC9Shv.o
 .comment       0x0000000000000033       0x34 /tmp/cc0jfaMl.o
 .comment       0x0000000000000033       0x34 /tmp/cc32UxdV.o
 .comment       0x0000000000000033       0x34 /tmp/ccC18QHb.o
 .comment       0x0000000000000033       0x34 /usr/lib/gcc/arm-none-eabi/10.3.1/../../../arm-none-eabi/lib/thumb/v7e-m+fp/hard/libg.a(lib_a-atexit.o)
 .comment       0x0000000000000033       0x34 /usr/lib/gcc/arm-none-eabi/10.3.1/../../../arm-none-eabi/lib/thumb/v7e-m+fp/hard/libg.a(lib_a-fini.o)
 .comment       0x0000000000000033       0x34 /usr/lib/gcc/arm-none-eabi/10.3.1/../../../arm-none-eabi/lib/thumb/v7e-m+fp/hard/libg.a(lib_a-impure.o)
 .comment       0x0000000000000033       0x34 /usr/lib/gcc/arm-none-eabi/10.3.1/../../../arm-none-eabi/lib/thumb/v7e-m+fp/hard/libg.a(lib_a-init.o)
 .comment       0x0000000000000033       0x34 /usr/lib/gcc/arm-none-eabi/10.3.1/../../../arm-none-eabi/lib/thumb/v7e-m+fp/hard/libg.a(lib_a-__atexit.o)
 .comment       0x0000000000000033       0x34 /usr/lib/gcc/arm-none-eabi/10.3.1/../../../arm-none-eabi/lib/thumb/v7e-m+fp/hard/libg.a(lib_a-__call_atexit.o)
 .comment       0x0000000000000033       0x34 /usr/lib/gcc/arm-none-eabi/10.3.1/thumb/v7e-m+fp/hard/crtend.o

.debug_info     0x0000000000000000     0x3456
 .debug_info    0x0000000000000000      0x15d /tmp/cciRI8RW.o
 .debug_info    0x000000000000015d      0x510 /tmp/ccUC9Shv.o
 .debug_info    0x000000000000066d      0x8c1 /tmp/cc0jfaMl.o
 .debug_info    0x0000000000000f2e      0x368 /tmp/cc32UxdV.o
 .debug_info    0x0000000000001296      0x15d /tmp/ccC18QHb.o
 .debug_info    0x00000000000013f3       0x30 /tmp/ccV9YhQi.o
 .debug_info    0x0000000000001423      0x100 /usr/lib/gcc/arm-none-eabi/10.3.1/../../../arm-none-eabi/lib/thumb/v7e-m+fp/hard/libg.a(lib_a-atexit.o)
 .debug_info    0x0000000000001523      0x102 /usr/lib/gcc/arm-none-eabi/10.3.1/../../../arm-none-eabi/lib/thumb/v7e-m+fp/hard/libg.a(lib_a-fini.o)
 .debug_info    0x0000000000001625      0x92a /usr/lib/gcc/arm-none-eabi/10.3.1/../../../arm-none-eabi/lib/thumb/v7e-m+fp/hard/libg.a(lib_a-impure.o)
 .debug_info    0x0000000000001f4f      0x11a /usr/lib/gcc/arm-none-eabi/10.3.1/../../../arm-none-eabi/lib/thumb/v7e-m+fp/hard/libg.a(lib_a-init.o)
 .debug_info    0x0000000000002069      0x9b0 /usr/lib/gcc/arm-none-eabi/10.3.1/../../../arm-none-eabi/lib/thumb/v7e-m+fp/hard/libg.a(lib_a-__atexit.o)
 .debug_info    0x0000000000002a19      0xa3d /usr/lib/gcc/arm-none-eabi/10.3.1/../../../arm-none-eabi/lib/thumb/v7e-m+fp/hard/libg.a(lib_a-__call_atexit.o)

.debug_abbrev   0x0000000000000000      0xe79
 .debug_abbrev  0x0000000000000000       0xaf /tmp/cciRI8RW.o
 .debug_abbrev  0x00000000000000af      0x129 /tmp/ccUC9Shv.o
 .debug_abbrev  0x00000000000001d8      0x200 /tmp/cc0jfaMl.o
 .debug_abbrev  0x00000000000003d8       0xda /tmp/cc32UxdV.o
 .debug_abbrev  0x00000000000004b2       0xaf /tmp/ccC18QHb.o
 .debug_abbrev  0x0000000000000561       0x1d /tmp/ccV9YhQi.o
 .debug_abbrev  0x000000000000057e       0xb7 /usr/lib/gcc/arm-none-eabi/10.3.1/../../../arm-none-eabi/lib/thumb/v7e-m+fp/hard/libg.a(lib_a-atexit.o)
 .debug_abbrev  0x0000000000000635       0xcf /usr/lib/gcc/arm-none-eabi/10.3.1/../../../arm-none-eabi/lib/thumb/v7e-m+fp/hard/libg.a(lib_a-fini.o)
 .debug_abbrev  0x0000000000000704      0x1b8 /usr/lib/gcc/arm-none-eabi/10.3.1/../../../arm-none-eabi/lib/thumb/v7e-m+fp/hard/libg.a(lib_a-impure.o)
 .debug_abbrev  0x00000000000008bc       0xcc /usr/lib/gcc/arm-none-eabi/10.3.1/../../../arm-none-eabi/lib/thumb/v7e-m+fp/hard/libg.a(lib_a-init.o)
 .debug_abbrev  0x0000000000000988      0x23f /usr/lib/gcc/arm-none-eabi/10.3.1/../../../arm-none-eabi/lib/thumb/v7e-m+fp/hard/libg.a(lib_a-__atexit.o)
 .debug_abbrev  0x0000000000000bc7      0x2b2 /usr/lib/gcc/arm-none-eabi/10.3.1/../../../arm-none-eabi/lib/thumb/v7e-m+fp/hard/libg.a(lib_a-__call_atexit.o)

.debug_aranges  0x0000000000000000      0x1e0
 .debug_aranges
                0x0000000000000000       0x20 /tmp/cciRI8RW.o
 .debug_aranges
                0x0000000000000020       0x28 /tmp/ccUC9Shv.o
 .debug_aranges
                0x0000000000000048       0x60 /tmp/cc0jfaMl.o
 .debug_aranges
                0x00000000000000a8       0x30 /tmp/cc32UxdV.o
 .debug_aranges
                0x00000000000000d8       0x20 /tmp/ccC18QHb.o
 .debug_aranges
                0x00000000000000f8       0x28 /tmp/ccV9YhQi.o
 .debug_aranges
                0x0000000000000120       0x20 /usr/lib/gcc/arm-none-eabi/10.3.1/../../../arm-none-eabi/lib/thumb/v7e-m+fp/hard/libg.a(lib_a-atexit.o)
 .debug_aranges
                0x0000000000000140       0x20 /usr/lib/gcc/arm-none-eabi/10.3.1/../../../arm-none-eabi/lib/thumb/v7e-m+fp/hard/libg.a(lib_a-fini.o)
 .debug_aranges
                0x0000000000000160       0x18 /usr/lib/gcc/arm-none-eabi/10.3.1/../../../arm-none-eabi/lib/thumb/v7e-m+fp/hard/libg.a(lib_a-impure.o)
 .debug_aranges
                0x0000000000000178       0x20 /usr/lib/gcc/arm-none-eabi/10.3.1/../../../arm-none-eabi/lib/thumb/v7e-m+fp/hard/libg.a(lib_a-init.o)
 .debug_aranges
                0x0000000000000198       0x20 /usr/lib/gcc/arm-none-eabi/10.3.1/../../../arm-none-eabi/lib/thumb/v7e-m+fp/hard/libg.a(lib_a-__atexit.o)
 .debug_aranges
                0x00000000000001b8       0x28 /usr/lib/gcc/arm-none-eabi/10.3.1/../../../arm-none-eabi/lib/thumb/v7e-m+fp/hard/libg.a(lib_a-__call_atexit.o)

.debug_ranges   0x0000000000000000      0x118
 .debug_ranges  0x0000000000000000       0x10 /tmp/cciRI8RW.o
 .debug_ranges  0x0000000000000010       0x18 /tmp/ccUC9Shv.o
 .debug_ranges  0x0000000000000028       0x50 /tmp/cc0jfaMl.o
 .debug_ranges  0x0000000000000078       0x20 /tmp/cc32UxdV.o
 .debug_ranges  0x0000000000000098       0x10 /tmp/ccC18QHb.o
 .debug_ranges  0x00000000000000a8       0x20 /tmp/ccV9YhQi.o
 .debug_ranges  0x00000000000000c8       0x50 /usr/lib/gcc/arm-none-eabi/10.3.1/../../../arm-none-eabi/lib/thumb/v7e-m+fp/hard/libg.a(lib_a-__call_atexit.o)

.debug_macro    0x0000000000000000     0x9969
 .debug_macro   0x0000000000000000       0x94 /tmp/cciRI8RW.o
 .debug_macro   0x0000000000000094      0xa72 /tmp/cciRI8RW.o
 .debug_macro   0x0000000000000b06       0x64 /tmp/cciRI8RW.o
 .debug_macro   0x0000000000000b6a      0x34e /tmp/cciRI8RW.o
 .debug_macro   0x0000000000000eb8       0x35 /tmp/cciRI8RW.o
 .debug_macro   0x0000000000000eed       0x50 /tmp/cciRI8RW.o
 .debug_macro   0x0000000000000f3d      0xe66 /tmp/cciRI8RW.o
 .debug_macro   0x0000000000001da3     0x799d /tmp/cciRI8RW.o
 .debug_macro   0x0000000000009740       0x16 /tmp/cciRI8RW.o
 .debug_macro   0x0000000000009756       0x10 /tmp/cciRI8RW.o
 .debug_macro   0x0000000000009766       0x78 /tmp/ccUC9Shv.o
 .debug_macro   0x00000000000097de       0x81 /tmp/cc0jfaMl.o
 .debug_macro   0x000000000000985f       0x82 /tmp/cc32UxdV.o
 .debug_macro   0x00000000000098e1       0x88 /tmp/ccC18QHb.o

.debug_line     0x0000000000000000     0x10c5
 .debug_line    0x0000000000000000      0x150 /tmp/cciRI8RW.o
 .debug_line    0x0000000000000150      0x1c5 /tmp/ccUC9Shv.o
 .debug_line    0x0000000000000315      0x254 /tmp/cc0jfaMl.o
 .debug_line    0x0000000000000569      0x1d4 /tmp/cc32UxdV.o
 .debug_line    0x000000000000073d      0x11a /tmp/ccC18QHb.o
 .debug_line    0x0000000000000857       0x7a /tmp/ccV9YhQi.o
 .debug_line    0x00000000000008d1       0xc0 /usr/lib/gcc/arm-none-eabi/10.3.1/../../../arm-none-eabi/lib/thumb/v7e-m+fp/hard/libg.a(lib_a-atexit.o)
 .debug_line    0x0000000000000991       0xed /usr/lib/gcc/arm-none-eabi/10.3.1/../../../arm-none-eabi/lib/thumb/v7e-m+fp/hard/libg.a(lib_a-fini.o)
 .debug_line    0x0000000000000a7e       0xe4 /usr/lib/gcc/arm-none-eabi/10.3.1/../../../arm-none-eabi/lib/thumb/v7e-m+fp/hard/libg.a(lib_a-impure.o)
 .debug_line    0x0000000000000b62      0x138 /usr/lib/gcc/arm-none-eabi/10.3.1/../../../arm-none-eabi/lib/thumb/v7e-m+fp/hard/libg.a(lib_a-init.o)
 .debug_line    0x0000000000000c9a      0x19e /usr/lib/gcc/arm-none-eabi/10.3.1/../../../arm-none-eabi/lib/thumb/v7e-m+fp/hard/libg.a(lib_a-__atexit.o)
 .debug_line    0x0000000000000e38      0x28d /usr/lib/gcc/arm-none-eabi/10.3.1/../../../arm-none-eabi/lib/thumb/v7e-m+fp/hard/libg.a(lib_a-__call_atexit.o)

.debug_str      0x0000000000000000    0x33b85
 .debug_str     0x0000000000000000    0x32bcf /tmp/cciRI8RW.o
                                      0x32d32 (size before relaxing)
 .debug_str     0x0000000000032bcf      0x1fa /tmp/ccUC9Shv.o
                                      0x32e86 (size before relaxing)
 .debug_str     0x0000000000032dc9      0x51e /tmp/cc0jfaMl.o
                                      0x3329f (size before relaxing)
 .debug_str     0x00000000000332e7       0x74 /tmp/cc32UxdV.o
                                      0x32e1e (size before relaxing)
 .debug_str     0x000000000003335b       0x22 /tmp/ccC18QHb.o
                                      0x32cf3 (size before relaxing)
 .debug_str     0x000000000003337d       0x36 /tmp/ccV9YhQi.o
                                         0x55 (size before relaxing)
 .debug_str     0x00000000000333b3      0x154 /usr/lib/gcc/arm-none-eabi/10.3.1/../../../arm-none-eabi/lib/thumb/v7e-m+fp/hard/libg.a(lib_a-atexit.o)
                                        0x1e4 (size before relaxing)
 .debug_str     0x0000000000033507       0xc8 /usr/lib/gcc/arm-none-eabi/10.3.1/../../../arm-none-eabi/lib/thumb/v7e-m+fp/hard/libg.a(lib_a-fini.o)
                                        0x1dc (size before relaxing)
 .debug_str     0x00000000000335cf      0x453 /usr/lib/gcc/arm-none-eabi/10.3.1/../../../arm-none-eabi/lib/thumb/v7e-m+fp/hard/libg.a(lib_a-impure.o)
                                        0x582 (size before relaxing)
 .debug_str     0x0000000000033a22       0x96 /usr/lib/gcc/arm-none-eabi/10.3.1/../../../arm-none-eabi/lib/thumb/v7e-m+fp/hard/libg.a(lib_a-init.o)
                                        0x206 (size before relaxing)
 .debug_str     0x0000000000033ab8       0x3b /usr/lib/gcc/arm-none-eabi/10.3.1/../../../arm-none-eabi/lib/thumb/v7e-m+fp/hard/libg.a(lib_a-__atexit.o)
                                        0x5bc (size before relaxing)
 .debug_str     0x0000000000033af3       0x92 /usr/lib/gcc/arm-none-eabi/10.3.1/../../../arm-none-eabi/lib/thumb/v7e-m+fp/hard/libg.a(lib_a-__call_atexit.o)
                                        0x5e8 (size before relaxing)

.debug_frame    0x0000000000000000      0x384
 .debug_frame   0x0000000000000000       0x2c /tmp/cciRI8RW.o
 .debug_frame   0x000000000000002c       0x58 /tmp/ccUC9Shv.o
 .debug_frame   0x0000000000000084      0x14c /tmp/cc0jfaMl.o
 .debug_frame   0x00000000000001d0       0x74 /tmp/cc32UxdV.o
 .debug_frame   0x0000000000000244       0x30 /tmp/ccC18QHb.o
 .debug_frame   0x0000000000000274       0x20 /usr/lib/gcc/arm-none-eabi/10.3.1/../../../arm-none-eabi/lib/thumb/v7e-m+fp/hard/libg.a(lib_a-atexit.o)
 .debug_frame   0x0000000000000294       0x34 /usr/lib/gcc/arm-none-eabi/10.3.1/../../../arm-none-eabi/lib/thumb/v7e-m+fp/hard/libg.a(lib_a-fini.o)
 .debug_frame   0x00000000000002c8       0x2c /usr/lib/gcc/arm-none-eabi/10.3.1/../../../arm-none-eabi/lib/thumb/v7e-m+fp/hard/libg.a(lib_a-init.o)
 .debug_frame   0x00000000000002f4       0x34 /usr/lib/gcc/arm-none-eabi/10.3.1/../../../arm-none-eabi/lib/thumb/v7e-m+fp/hard/libg.a(lib_a-__atexit.o)
 .debug_frame   0x0000000000000328       0x5c /usr/lib/gcc/arm-none-eabi/10.3.1/../../../arm-none-eabi/lib/thumb/v7e-m+fp/hard/libg.a(lib_a-__call_atexit.o)

.debug_loc      0x0000000000000000      0x458
 .debug_loc     0x0000000000000000       0x32 /usr/lib/gcc/arm-none-eabi/10.3.1/../../../arm-none-eabi/lib/thumb/v7e-m+fp/hard/libg.a(lib_a-atexit.o)
 .debug_loc     0x0000000000000032       0x68 /usr/lib/gcc/arm-none-eabi/10.3.1/../../../arm-none-eabi/lib/thumb/v7e-m+fp/hard/libg.a(lib_a-fini.o)
 .debug_loc     0x000000000000009a       0xba /usr/lib/gcc/arm-none-eabi/10.3.1/../../../arm-none-eabi/lib/thumb/v7e-m+fp/hard/libg.a(lib_a-init.o)
 .debug_loc     0x0000000000000154      0x138 /usr/lib/gcc/arm-none-eabi/10.3.1/../../../arm-none-eabi/lib/thumb/v7e-m+fp/hard/libg.a(lib_a-__atexit.o)
 .debug_loc     0x000000000000028c      0x1cc /usr/lib/gcc/arm-none-eabi/10.3.1/../../../arm-none-eabi/lib/thumb/v7e-m+fp/hard/libg.a(lib_a-__call_atexit.o)
